
===========================================================================
 report_power
============================================================================
======================= Fastest Corner ===================================

Group                  Internal  Switching    Leakage      Total
                          Power      Power      Power      Power (Watts)
----------------------------------------------------------------
Sequential             2.93e-03   2.05e-04   8.77e-09   3.14e-03  35.4%
Combinational          2.59e-03   3.14e-03   3.35e-08   5.74e-03  64.6%
Macro                  0.00e+00   0.00e+00   0.00e+00   0.00e+00   0.0%
Pad                    0.00e+00   0.00e+00   0.00e+00   0.00e+00   0.0%
----------------------------------------------------------------
Total                  5.52e-03   3.35e-03   4.23e-08   8.87e-03 100.0%
                          62.3%      37.7%       0.0%

======================= Slowest Corner ===================================

Group                  Internal  Switching    Leakage      Total
                          Power      Power      Power      Power (Watts)
----------------------------------------------------------------
Sequential             1.97e-03   1.35e-04   8.73e-06   2.11e-03  34.7%
Combinational          1.89e-03   2.06e-03   1.35e-05   3.96e-03  65.3%
Macro                  0.00e+00   0.00e+00   0.00e+00   0.00e+00   0.0%
Pad                    0.00e+00   0.00e+00   0.00e+00   0.00e+00   0.0%
----------------------------------------------------------------
Total                  3.85e-03   2.20e-03   2.22e-05   6.07e-03 100.0%
                          63.4%      36.2%       0.4%

======================= Typical Corner ===================================

Group                  Internal  Switching    Leakage      Total
                          Power      Power      Power      Power (Watts)
----------------------------------------------------------------
Sequential             2.53e-03   1.73e-04   5.01e-09   2.70e-03  35.1%
Combinational          2.33e-03   2.65e-03   1.53e-08   4.98e-03  64.9%
Macro                  0.00e+00   0.00e+00   0.00e+00   0.00e+00   0.0%
Pad                    0.00e+00   0.00e+00   0.00e+00   0.00e+00   0.0%
----------------------------------------------------------------
Total                  4.85e-03   2.82e-03   2.04e-08   7.68e-03 100.0%
                          63.2%      36.8%       0.0%

